// Jest Snapshot v1, https://goo.gl/fbAQLP

exports[`Home page renders all elements Home page matches snapshot 1`] = `
<div>
  <form
    class="layout"
  >
    <h2
      class="title"
    >
      Add your feedback here
    </h2>
    <div
      class="wrapper"
    >
      <div
        class="flex"
      >
        <div
          class="wrapper"
        >
          <label>
            <span
              class="label"
            >
              Name
               
            </span>
            <input
              class="input"
              name="name"
              placeholder="Add your name here"
              value=""
            />
          </label>
        </div>
        <div
          class="wrapper"
        >
          <label>
            <span
              class="label"
            >
              Email
               
            </span>
            <input
              class="input"
              name="email"
              placeholder="Add your email here"
              value=""
            />
          </label>
        </div>
        <div
          class="wrapper"
        >
          <label>
            <span
              class="label"
            >
              Rating
               
            </span>
            <fieldset
              class="wrapper"
            >
              <label
                class="radio"
              >
                <input
                  class="input"
                  name="rating"
                  type="radio"
                  value="1"
                />
                <span
                  class="sr-only"
                >
                  1
                   stars
                </span>
                <span
                  aria-hidden="true"
                  data-testid="1-stars"
                  role="img"
                >
                  <svg
                    class="rating"
                  >
                    star.svg
                  </svg>
                </span>
              </label>
              <label
                class="radio"
              >
                <input
                  class="input"
                  name="rating"
                  type="radio"
                  value="2"
                />
                <span
                  class="sr-only"
                >
                  2
                   stars
                </span>
                <span
                  aria-hidden="true"
                  data-testid="2-stars"
                  role="img"
                >
                  <svg
                    class="rating"
                  >
                    star.svg
                  </svg>
                </span>
              </label>
              <label
                class="radio"
              >
                <input
                  class="input"
                  name="rating"
                  type="radio"
                  value="3"
                />
                <span
                  class="sr-only"
                >
                  3
                   stars
                </span>
                <span
                  aria-hidden="true"
                  data-testid="3-stars"
                  role="img"
                >
                  <svg
                    class="rating"
                  >
                    star.svg
                  </svg>
                </span>
              </label>
              <label
                class="radio"
              >
                <input
                  class="input"
                  name="rating"
                  type="radio"
                  value="4"
                />
                <span
                  class="sr-only"
                >
                  4
                   stars
                </span>
                <span
                  aria-hidden="true"
                  data-testid="4-stars"
                  role="img"
                >
                  <svg
                    class="rating"
                  >
                    star.svg
                  </svg>
                </span>
              </label>
              <label
                class="radio"
              >
                <input
                  class="input"
                  name="rating"
                  type="radio"
                  value="5"
                />
                <span
                  class="sr-only"
                >
                  5
                   stars
                </span>
                <span
                  aria-hidden="true"
                  data-testid="5-stars"
                  role="img"
                >
                  <svg
                    class="rating"
                  >
                    star.svg
                  </svg>
                </span>
              </label>
            </fieldset>
          </label>
        </div>
      </div>
      <div
        class="wrapper"
      >
        <label>
          <span
            class="label"
          >
            Comment
             
          </span>
          <textarea
            class="textarea"
            name="comment"
            placeholder="Add your comment here"
          />
        </label>
      </div>
    </div>
    <button
      class="button"
      type="submit"
    >
      Submit Feedback
    </button>
  </form>
</div>
`;
